// Vitest Snapshot v1

exports[`Test PostController E2E > GET /posts 1`] = `
{
  "data": [
    {
      "created": "2023-01-28T08:25:17.105Z",
      "id": "63d4dbed3617841ef23cf4a3",
      "slug": "test1",
      "text": "test1",
      "title": "test1",
    },
    {
      "created": "2023-01-28T08:25:17.105Z",
      "id": "63d4dbed3617841ef23cf4a4",
      "slug": "test2",
      "text": "test2",
      "title": "test2",
    },
  ],
  "pagination": {
    "current_page": 1,
    "has_next_page": false,
    "has_prev_page": false,
    "size": 10,
    "total": 2,
    "total_page": 1,
  },
}
`;
